03:07:59 **** Incremental Build of configuration Debug for project TpFreetos ****
make -j4 all 
arm-none-eabi-gcc "../Core/Src/main.c" -mcpu=cortex-m7 -std=gnu11 -g3 -DDEBUG -DUSE_HAL_DRIVER -DSTM32F746xx -c -I../Core/Inc -IC:/Users/hp/STM32Cube/Repository/STM32Cube_FW_F7_V1.17.1/Drivers/STM32F7xx_HAL_Driver/Inc -IC:/Users/hp/STM32Cube/Repository/STM32Cube_FW_F7_V1.17.1/Drivers/STM32F7xx_HAL_Driver/Inc/Legacy -IC:/Users/hp/STM32Cube/Repository/STM32Cube_FW_F7_V1.17.1/Drivers/CMSIS/Device/ST/STM32F7xx/Include -IC:/Users/hp/STM32Cube/Repository/STM32Cube_FW_F7_V1.17.1/Drivers/CMSIS/Include -IC:/Users/hp/STM32Cube/Repository/STM32Cube_FW_F7_V1.17.1/Middlewares/Third_Party/FreeRTOS/Source/include -IC:/Users/hp/STM32Cube/Repository/STM32Cube_FW_F7_V1.17.1/Middlewares/Third_Party/FreeRTOS/Source/CMSIS_RTOS -IC:/Users/hp/STM32Cube/Repository/STM32Cube_FW_F7_V1.17.1/Middlewares/Third_Party/FreeRTOS/Source/portable/GCC/ARM_CM7/r0p1 -O0 -ffunction-sections -fdata-sections -Wall -fstack-usage -fcyclomatic-complexity -MMD -MP -MF"Core/Src/main.d" -MT"Core/Src/main.o" --specs=nano.specs -mfpu=fpv5-sp-d16 -mfloat-abi=hard -mthumb -o "Core/Src/main.o"
../Core/Src/main.c: In function 'task_led':
../Core/Src/main.c:66:17: warning: implicit declaration of function 'printf' [-Wimplicit-function-declaration]
   66 |                 printf ("LED State is changed\r\n");
      |                 ^~~~~~
../Core/Src/main.c:24:1: note: include '<stdio.h>' or provide a declaration of 'printf'
   23 | #include "gpio.h"
  +++ |+#include <stdio.h>
   24 | 
../Core/Src/main.c:66:17: warning: incompatible implicit declaration of built-in function 'printf' [-Wbuiltin-declaration-mismatch]
   66 |                 printf ("LED State is changed\r\n");
      |                 ^~~~~~
../Core/Src/main.c:66:17: note: include '<stdio.h>' or provide a declaration of 'printf'
arm-none-eabi-gcc -o "TpFreetos.elf" @"objects.list"   -mcpu=cortex-m7 -T"D:\workspaceIDE\TpFreetos\STM32F746NGHX_FLASH.ld" --specs=nosys.specs -Wl,-Map="TpFreetos.map" -Wl,--gc-sections -static --specs=nano.specs -mfpu=fpv5-sp-d16 -mfloat-abi=hard -mthumb -Wl,--start-group -lc -lm -Wl,--end-group
Finished building target: TpFreetos.elf
 
arm-none-eabi-size  TpFreetos.elf 
arm-none-eabi-objdump -h -S TpFreetos.elf  > "TpFreetos.list"
   text	   data	    bss	    dec	    hex	filename
  21384	    116	  18412	  39912	   9be8	TpFreetos.elf
Finished building: default.size.stdout
 
Finished building: TpFreetos.list
 
